20:35:14 **** Incremental Build of configuration Debug for project Geometric ****
make -j8 all 
Building file: ../Src/main.c
Invoking: MCU GCC Compiler
/home/link/projects/STM32/MCU/Geometric/Debug
arm-none-eabi-gcc -mcpu=cortex-m4 -mthumb -mfloat-abi=hard -mfpu=fpv4-sp-d16 -DUSE_HAL_DRIVER -DSTM32F401xE -I"/home/link/projects/STM32/MCU/Geometric/Inc" -I"/home/link/projects/STM32/MCU/Geometric/Drivers/STM32F4xx_HAL_Driver/Inc" -I"/home/link/projects/STM32/MCU/Geometric/Drivers/STM32F4xx_HAL_Driver/Inc/Legacy" -I"/home/link/projects/STM32/MCU/Geometric/Drivers/CMSIS/Device/ST/STM32F4xx/Include" -I"/home/link/projects/STM32/MCU/Geometric/Drivers/CMSIS/Include"  -Og -g3 -Wall -fmessage-length=0 -ffunction-sections -c -fmessage-length=0 -MMD -MP -MF"Src/main.d" -MT"Src/main.o" -o "Src/main.o" "../Src/main.c"
../Src/main.c: In function 'rotateCube':
../Src/main.c:170:30: warning: implicit declaration of function 'cos' [-Wimplicit-function-declaration]
   rotz = cube_vertex[i][2] * cos(pitchRad) - cube_vertex[i][0] * sin(pitchRad);
                              ^~~
../Src/main.c:170:30: warning: incompatible implicit declaration of built-in function 'cos'
../Src/main.c:170:30: note: include '<math.h>' or provide a declaration of 'cos'
../Src/main.c:170:66: warning: implicit declaration of function 'sin' [-Wimplicit-function-declaration]
   rotz = cube_vertex[i][2] * cos(pitchRad) - cube_vertex[i][0] * sin(pitchRad);
                                                                  ^~~
../Src/main.c:170:66: warning: incompatible implicit declaration of built-in function 'sin'
../Src/main.c:170:66: note: include '<math.h>' or provide a declaration of 'sin'
../Src/main.c:161:63: warning: variable 'rotzzz' set but not used [-Wunused-but-set-variable]
  float rotx, roty, rotz, rotxx, rotyy, rotzz, rotxxx, rotyyy, rotzzz;
                                                               ^~~~~~
../Src/main.c: In function 'rotatePyramid':
../Src/main.c:206:33: warning: incompatible implicit declaration of built-in function 'cos'
   rotz = pyramid_vertex[i][2] * cos(pitchRad) - pyramid_vertex[i][0] * sin(pitchRad);
                                 ^~~
../Src/main.c:206:33: note: include '<math.h>' or provide a declaration of 'cos'
../Src/main.c:206:72: warning: incompatible implicit declaration of built-in function 'sin'
   rotz = pyramid_vertex[i][2] * cos(pitchRad) - pyramid_vertex[i][0] * sin(pitchRad);
                                                                        ^~~
../Src/main.c:206:72: note: include '<math.h>' or provide a declaration of 'sin'
../Src/main.c:197:63: warning: variable 'rotzzz' set but not used [-Wunused-but-set-variable]
  float rotx, roty, rotz, rotxx, rotyy, rotzz, rotxxx, rotyyy, rotzzz;
                                                               ^~~~~~
../Src/main.c: In function 'rotateOctahedron':
../Src/main.c:241:36: warning: incompatible implicit declaration of built-in function 'cos'
   rotz = octahedron_vertex[i][2] * cos(pitchRad) - octahedron_vertex[i][0] * sin(pitchRad);
                                    ^~~
../Src/main.c:241:36: note: include '<math.h>' or provide a declaration of 'cos'
../Src/main.c:241:78: warning: incompatible implicit declaration of built-in function 'sin'
   rotz = octahedron_vertex[i][2] * cos(pitchRad) - octahedron_vertex[i][0] * sin(pitchRad);
                                                                              ^~~
../Src/main.c:241:78: note: include '<math.h>' or provide a declaration of 'sin'
../Src/main.c:232:63: warning: variable 'rotzzz' set but not used [-Wunused-but-set-variable]
  float rotx, roty, rotz, rotxx, rotyy, rotzz, rotxxx, rotyyy, rotzzz;
                                                               ^~~~~~
../Src/main.c: In function 'main_rotate':
../Src/main.c:292:24: warning: format '%d' expects argument of type 'int', but argument 3 has type 'uint32_t {aka long unsigned int}' [-Wformat=]
  sprintf(string_fps, "%d", fps / frames);
                       ~^   ~~~~~~~~~~~~
                       %ld
In file included from /home/link/projects/STM32/MCU/Geometric/Inc/main.h:35:0,
                 from ../Src/main.c:21:
../Src/main.c: At top level:
/home/link/projects/STM32/MCU/Geometric/Inc/ssd1306.h:150:13: warning: 'ssd1306_DrawFastVLine' declared 'static' but never defined [-Wunused-function]
 static void ssd1306_DrawFastVLine(uint8_t x, uint8_t y, uint8_t h, SSD1306_COLOR color);
             ^~~~~~~~~~~~~~~~~~~~~
/home/link/projects/STM32/MCU/Geometric/Inc/ssd1306.h:151:13: warning: 'ssd1306_DrawFastHLine' declared 'static' but never defined [-Wunused-function]
 static void ssd1306_DrawFastHLine(uint8_t x, uint8_t y, uint8_t w, SSD1306_COLOR color);
             ^~~~~~~~~~~~~~~~~~~~~
/home/link/projects/STM32/MCU/Geometric/Inc/ssd1306.h:152:13: warning: 'ssd1306_FillCircleHelper' declared 'static' but never defined [-Wunused-function]
 static void ssd1306_FillCircleHelper(uint8_t x0, uint8_t y0, uint8_t r,
             ^~~~~~~~~~~~~~~~~~~~~~~~
Finished building: ../Src/main.c
 
Building target: Geometric.elf
Invoking: MCU GCC Linker
arm-none-eabi-gcc -mcpu=cortex-m4 -mthumb -mfloat-abi=hard -mfpu=fpv4-sp-d16 -specs=nosys.specs -specs=nano.specs -T"../STM32F401RETx_FLASH.ld" -Wl,-Map=output.map -Wl,--gc-sections -o "Geometric.elf" @"objects.list"   -lm
Finished building target: Geometric.elf
 
make --no-print-directory post-build
Generating hex and Printing size information:
arm-none-eabi-objcopy -O ihex "Geometric.elf" "Geometric.hex"
arm-none-eabi-size "Geometric.elf"
   text	   data	    bss	    dec	    hex	filename
  30104	    152	   2808	  33064	   8128	Geometric.elf
 

20:35:14 Build Finished (took 417ms)

