20:34:44 **** Incremental Build of configuration Debug for project Geometric ****
make -j8 all 
Building file: ../Src/main.c
Building file: ../Src/ssd1306.c
Building file: ../Src/ssd1306_gfx.c
Invoking: MCU GCC Compiler
Building file: ../Src/stm32f4xx_hal_msp.c
Invoking: MCU GCC Compiler
Invoking: MCU GCC Compiler
/home/link/projects/STM32/MCU/Geometric/Debug
Building file: ../Src/stm32f4xx_it.c
Invoking: MCU GCC Compiler
arm-none-eabi-gcc -mcpu=cortex-m4 -mthumb -mfloat-abi=hard -mfpu=fpv4-sp-d16 -DUSE_HAL_DRIVER -DSTM32F401xE -I"/home/link/projects/STM32/MCU/Geometric/Inc" -I"/home/link/projects/STM32/MCU/Geometric/Drivers/STM32F4xx_HAL_Driver/Inc" -I"/home/link/projects/STM32/MCU/Geometric/Drivers/STM32F4xx_HAL_Driver/Inc/Legacy" -I"/home/link/projects/STM32/MCU/Geometric/Drivers/CMSIS/Device/ST/STM32F4xx/Include" -I"/home/link/projects/STM32/MCU/Geometric/Drivers/CMSIS/Include"  -Og -g3 -Wall -fmessage-length=0 -ffunction-sections -c -fmessage-length=0 -MMD -MP -MF"Src/ssd1306.d" -MT"Src/ssd1306.o" -o "Src/ssd1306.o" "../Src/ssd1306.c"
/home/link/projects/STM32/MCU/Geometric/Debug
/home/link/projects/STM32/MCU/Geometric/Debug
arm-none-eabi-gcc -mcpu=cortex-m4 -mthumb -mfloat-abi=hard -mfpu=fpv4-sp-d16 -DUSE_HAL_DRIVER -DSTM32F401xE -I"/home/link/projects/STM32/MCU/Geometric/Inc" -I"/home/link/projects/STM32/MCU/Geometric/Drivers/STM32F4xx_HAL_Driver/Inc" -I"/home/link/projects/STM32/MCU/Geometric/Drivers/STM32F4xx_HAL_Driver/Inc/Legacy" -I"/home/link/projects/STM32/MCU/Geometric/Drivers/CMSIS/Device/ST/STM32F4xx/Include" -I"/home/link/projects/STM32/MCU/Geometric/Drivers/CMSIS/Include"  -Og -g3 -Wall -fmessage-length=0 -ffunction-sections -c -fmessage-length=0 -MMD -MP -MF"Src/main.d" -MT"Src/main.o" -o "Src/main.o" "../Src/main.c"
arm-none-eabi-gcc -mcpu=cortex-m4 -mthumb -mfloat-abi=hard -mfpu=fpv4-sp-d16 -DUSE_HAL_DRIVER -DSTM32F401xE -I"/home/link/projects/STM32/MCU/Geometric/Inc" -I"/home/link/projects/STM32/MCU/Geometric/Drivers/STM32F4xx_HAL_Driver/Inc" -I"/home/link/projects/STM32/MCU/Geometric/Drivers/STM32F4xx_HAL_Driver/Inc/Legacy" -I"/home/link/projects/STM32/MCU/Geometric/Drivers/CMSIS/Device/ST/STM32F4xx/Include" -I"/home/link/projects/STM32/MCU/Geometric/Drivers/CMSIS/Include"  -Og -g3 -Wall -fmessage-length=0 -ffunction-sections -c -fmessage-length=0 -MMD -MP -MF"Src/ssd1306_gfx.d" -MT"Src/ssd1306_gfx.o" -o "Src/ssd1306_gfx.o" "../Src/ssd1306_gfx.c"
Invoking: MCU GCC Compiler
/home/link/projects/STM32/MCU/Geometric/Debug
arm-none-eabi-gcc -mcpu=cortex-m4 -mthumb -mfloat-abi=hard -mfpu=fpv4-sp-d16 -DUSE_HAL_DRIVER -DSTM32F401xE -I"/home/link/projects/STM32/MCU/Geometric/Inc" -I"/home/link/projects/STM32/MCU/Geometric/Drivers/STM32F4xx_HAL_Driver/Inc" -I"/home/link/projects/STM32/MCU/Geometric/Drivers/STM32F4xx_HAL_Driver/Inc/Legacy" -I"/home/link/projects/STM32/MCU/Geometric/Drivers/CMSIS/Device/ST/STM32F4xx/Include" -I"/home/link/projects/STM32/MCU/Geometric/Drivers/CMSIS/Include"  -Og -g3 -Wall -fmessage-length=0 -ffunction-sections -c -fmessage-length=0 -MMD -MP -MF"Src/stm32f4xx_hal_msp.d" -MT"Src/stm32f4xx_hal_msp.o" -o "Src/stm32f4xx_hal_msp.o" "../Src/stm32f4xx_hal_msp.c"
Building file: ../Drivers/STM32F4xx_HAL_Driver/Src/stm32f4xx_hal_cortex.c
Building file: ../Src/system_stm32f4xx.c
Building file: ../Drivers/STM32F4xx_HAL_Driver/Src/stm32f4xx_hal.c
/home/link/projects/STM32/MCU/Geometric/Debug
arm-none-eabi-gcc -mcpu=cortex-m4 -mthumb -mfloat-abi=hard -mfpu=fpv4-sp-d16 -DUSE_HAL_DRIVER -DSTM32F401xE -I"/home/link/projects/STM32/MCU/Geometric/Inc" -I"/home/link/projects/STM32/MCU/Geometric/Drivers/STM32F4xx_HAL_Driver/Inc" -I"/home/link/projects/STM32/MCU/Geometric/Drivers/STM32F4xx_HAL_Driver/Inc/Legacy" -I"/home/link/projects/STM32/MCU/Geometric/Drivers/CMSIS/Device/ST/STM32F4xx/Include" -I"/home/link/projects/STM32/MCU/Geometric/Drivers/CMSIS/Include"  -Og -g3 -Wall -fmessage-length=0 -ffunction-sections -c -fmessage-length=0 -MMD -MP -MF"Src/stm32f4xx_it.d" -MT"Src/stm32f4xx_it.o" -o "Src/stm32f4xx_it.o" "../Src/stm32f4xx_it.c"
Invoking: MCU GCC Compiler
Invoking: MCU GCC Compiler
Invoking: MCU GCC Compiler
/home/link/projects/STM32/MCU/Geometric/Debug
arm-none-eabi-gcc -mcpu=cortex-m4 -mthumb -mfloat-abi=hard -mfpu=fpv4-sp-d16 -DUSE_HAL_DRIVER -DSTM32F401xE -I"/home/link/projects/STM32/MCU/Geometric/Inc" -I"/home/link/projects/STM32/MCU/Geometric/Drivers/STM32F4xx_HAL_Driver/Inc" -I"/home/link/projects/STM32/MCU/Geometric/Drivers/STM32F4xx_HAL_Driver/Inc/Legacy" -I"/home/link/projects/STM32/MCU/Geometric/Drivers/CMSIS/Device/ST/STM32F4xx/Include" -I"/home/link/projects/STM32/MCU/Geometric/Drivers/CMSIS/Include"  -Og -g3 -Wall -fmessage-length=0 -ffunction-sections -c -fmessage-length=0 -MMD -MP -MF"Src/system_stm32f4xx.d" -MT"Src/system_stm32f4xx.o" -o "Src/system_stm32f4xx.o" "../Src/system_stm32f4xx.c"
/home/link/projects/STM32/MCU/Geometric/Debug
arm-none-eabi-gcc -mcpu=cortex-m4 -mthumb -mfloat-abi=hard -mfpu=fpv4-sp-d16 -DUSE_HAL_DRIVER -DSTM32F401xE -I"/home/link/projects/STM32/MCU/Geometric/Inc" -I"/home/link/projects/STM32/MCU/Geometric/Drivers/STM32F4xx_HAL_Driver/Inc" -I"/home/link/projects/STM32/MCU/Geometric/Drivers/STM32F4xx_HAL_Driver/Inc/Legacy" -I"/home/link/projects/STM32/MCU/Geometric/Drivers/CMSIS/Device/ST/STM32F4xx/Include" -I"/home/link/projects/STM32/MCU/Geometric/Drivers/CMSIS/Include"  -Og -g3 -Wall -fmessage-length=0 -ffunction-sections -c -fmessage-length=0 -MMD -MP -MF"Drivers/STM32F4xx_HAL_Driver/Src/stm32f4xx_hal.d" -MT"Drivers/STM32F4xx_HAL_Driver/Src/stm32f4xx_hal.o" -o "Drivers/STM32F4xx_HAL_Driver/Src/stm32f4xx_hal.o" "../Drivers/STM32F4xx_HAL_Driver/Src/stm32f4xx_hal.c"
/home/link/projects/STM32/MCU/Geometric/Debug
arm-none-eabi-gcc -mcpu=cortex-m4 -mthumb -mfloat-abi=hard -mfpu=fpv4-sp-d16 -DUSE_HAL_DRIVER -DSTM32F401xE -I"/home/link/projects/STM32/MCU/Geometric/Inc" -I"/home/link/projects/STM32/MCU/Geometric/Drivers/STM32F4xx_HAL_Driver/Inc" -I"/home/link/projects/STM32/MCU/Geometric/Drivers/STM32F4xx_HAL_Driver/Inc/Legacy" -I"/home/link/projects/STM32/MCU/Geometric/Drivers/CMSIS/Device/ST/STM32F4xx/Include" -I"/home/link/projects/STM32/MCU/Geometric/Drivers/CMSIS/Include"  -Og -g3 -Wall -fmessage-length=0 -ffunction-sections -c -fmessage-length=0 -MMD -MP -MF"Drivers/STM32F4xx_HAL_Driver/Src/stm32f4xx_hal_cortex.d" -MT"Drivers/STM32F4xx_HAL_Driver/Src/stm32f4xx_hal_cortex.o" -o "Drivers/STM32F4xx_HAL_Driver/Src/stm32f4xx_hal_cortex.o" "../Drivers/STM32F4xx_HAL_Driver/Src/stm32f4xx_hal_cortex.c"
In file included from /home/link/projects/STM32/MCU/Geometric/Inc/ssd1306_gfx.h:11:0,
                 from ../Src/ssd1306_gfx.c:8:
/home/link/projects/STM32/MCU/Geometric/Inc/ssd1306.h:150:13: warning: 'ssd1306_DrawFastVLine' declared 'static' but never defined [-Wunused-function]
 static void ssd1306_DrawFastVLine(uint8_t x, uint8_t y, uint8_t h, SSD1306_COLOR color);
             ^~~~~~~~~~~~~~~~~~~~~
/home/link/projects/STM32/MCU/Geometric/Inc/ssd1306.h:151:13: warning: 'ssd1306_DrawFastHLine' declared 'static' but never defined [-Wunused-function]
 static void ssd1306_DrawFastHLine(uint8_t x, uint8_t y, uint8_t w, SSD1306_COLOR color);
             ^~~~~~~~~~~~~~~~~~~~~
/home/link/projects/STM32/MCU/Geometric/Inc/ssd1306.h:152:13: warning: 'ssd1306_FillCircleHelper' declared 'static' but never defined [-Wunused-function]
 static void ssd1306_FillCircleHelper(uint8_t x0, uint8_t y0, uint8_t r,
             ^~~~~~~~~~~~~~~~~~~~~~~~
../Src/main.c: In function 'rotateCube':
../Src/main.c:170:30: warning: implicit declaration of function 'cos' [-Wimplicit-function-declaration]
   rotz = cube_vertex[i][2] * cos(pitchRad) - cube_vertex[i][0] * sin(pitchRad);
                              ^~~
../Src/main.c:170:30: warning: incompatible implicit declaration of built-in function 'cos'
../Src/main.c:170:30: note: include '<math.h>' or provide a declaration of 'cos'
../Src/main.c:170:66: warning: implicit declaration of function 'sin' [-Wimplicit-function-declaration]
   rotz = cube_vertex[i][2] * cos(pitchRad) - cube_vertex[i][0] * sin(pitchRad);
                                                                  ^~~
../Src/main.c:170:66: warning: incompatible implicit declaration of built-in function 'sin'
../Src/main.c:170:66: note: include '<math.h>' or provide a declaration of 'sin'
In file included from /home/link/projects/STM32/MCU/Geometric/Inc/main.h:35:0,
                 from ../Src/stm32f4xx_hal_msp.c:23:
/home/link/projects/STM32/MCU/Geometric/Inc/ssd1306.h:150:13: warning: 'ssd1306_DrawFastVLine' declared 'static' but never defined [-Wunused-function]
 static void ssd1306_DrawFastVLine(uint8_t x, uint8_t y, uint8_t h, SSD1306_COLOR color);
             ^~~~~~~~~~~~~~~~~~~~~
/home/link/projects/STM32/MCU/Geometric/Inc/ssd1306.h:151:13: warning: 'ssd1306_DrawFastHLine' declared 'static' but never defined [-Wunused-function]
 static void ssd1306_DrawFastHLine(uint8_t x, uint8_t y, uint8_t w, SSD1306_COLOR color);
             ^~~~~~~~~~~~~~~~~~~~~
/home/link/projects/STM32/MCU/Geometric/Inc/ssd1306.h:152:13: warning: 'ssd1306_FillCircleHelper' declared 'static' but never defined [-Wunused-function]
 static void ssd1306_FillCircleHelper(uint8_t x0, uint8_t y0, uint8_t r,
             ^~~~~~~~~~~~~~~~~~~~~~~~
../Src/main.c:161:63: warning: variable 'rotzzz' set but not used [-Wunused-but-set-variable]
  float rotx, roty, rotz, rotxx, rotyy, rotzz, rotxxx, rotyyy, rotzzz;
                                                               ^~~~~~
../Src/main.c: In function 'rotatePyramid':
../Src/main.c:206:33: warning: incompatible implicit declaration of built-in function 'cos'
   rotz = pyramid_vertex[i][2] * cos(pitchRad) - pyramid_vertex[i][0] * sin(pitchRad);
                                 ^~~
../Src/main.c:206:33: note: include '<math.h>' or provide a declaration of 'cos'
../Src/main.c:206:72: warning: incompatible implicit declaration of built-in function 'sin'
   rotz = pyramid_vertex[i][2] * cos(pitchRad) - pyramid_vertex[i][0] * sin(pitchRad);
                                                                        ^~~
../Src/main.c:206:72: note: include '<math.h>' or provide a declaration of 'sin'
../Src/main.c:197:63: warning: variable 'rotzzz' set but not used [-Wunused-but-set-variable]
  float rotx, roty, rotz, rotxx, rotyy, rotzz, rotxxx, rotyyy, rotzzz;
                                                               ^~~~~~
../Src/main.c: In function 'rotateOctahedron':
../Src/main.c:241:36: warning: incompatible implicit declaration of built-in function 'cos'
   rotz = octahedron_vertex[i][2] * cos(pitchRad) - octahedron_vertex[i][0] * sin(pitchRad);
                                    ^~~
../Src/main.c:241:36: note: include '<math.h>' or provide a declaration of 'cos'
../Src/main.c:241:78: warning: incompatible implicit declaration of built-in function 'sin'
   rotz = octahedron_vertex[i][2] * cos(pitchRad) - octahedron_vertex[i][0] * sin(pitchRad);
                                                                              ^~~
../Src/main.c:241:78: note: include '<math.h>' or provide a declaration of 'sin'
../Src/main.c:232:63: warning: variable 'rotzzz' set but not used [-Wunused-but-set-variable]
  float rotx, roty, rotz, rotxx, rotyy, rotzz, rotxxx, rotyyy, rotzzz;
                                                               ^~~~~~
../Src/main.c: In function 'main_rotate':
../Src/main.c:292:24: warning: format '%d' expects argument of type 'int', but argument 3 has type 'uint32_t {aka long unsigned int}' [-Wformat=]
  sprintf(string_fps, "%d", fps / frames);
                       ~^   ~~~~~~~~~~~~
                       %ld
In file included from /home/link/projects/STM32/MCU/Geometric/Inc/main.h:35:0,
                 from ../Src/main.c:21:
../Src/main.c: At top level:
/home/link/projects/STM32/MCU/Geometric/Inc/ssd1306.h:150:13: warning: 'ssd1306_DrawFastVLine' declared 'static' but never defined [-Wunused-function]
 static void ssd1306_DrawFastVLine(uint8_t x, uint8_t y, uint8_t h, SSD1306_COLOR color);
             ^~~~~~~~~~~~~~~~~~~~~
/home/link/projects/STM32/MCU/Geometric/Inc/ssd1306.h:151:13: warning: 'ssd1306_DrawFastHLine' declared 'static' but never defined [-Wunused-function]
 static void ssd1306_DrawFastHLine(uint8_t x, uint8_t y, uint8_t w, SSD1306_COLOR color);
             ^~~~~~~~~~~~~~~~~~~~~
/home/link/projects/STM32/MCU/Geometric/Inc/ssd1306.h:152:13: warning: 'ssd1306_FillCircleHelper' declared 'static' but never defined [-Wunused-function]
 static void ssd1306_FillCircleHelper(uint8_t x0, uint8_t y0, uint8_t r,
             ^~~~~~~~~~~~~~~~~~~~~~~~
In file included from /home/link/projects/STM32/MCU/Geometric/Inc/main.h:35:0,
                 from ../Src/stm32f4xx_it.c:22:
/home/link/projects/STM32/MCU/Geometric/Inc/ssd1306.h:150:13: warning: 'ssd1306_DrawFastVLine' declared 'static' but never defined [-Wunused-function]
 static void ssd1306_DrawFastVLine(uint8_t x, uint8_t y, uint8_t h, SSD1306_COLOR color);
             ^~~~~~~~~~~~~~~~~~~~~
/home/link/projects/STM32/MCU/Geometric/Inc/ssd1306.h:151:13: warning: 'ssd1306_DrawFastHLine' declared 'static' but never defined [-Wunused-function]
 static void ssd1306_DrawFastHLine(uint8_t x, uint8_t y, uint8_t w, SSD1306_COLOR color);
             ^~~~~~~~~~~~~~~~~~~~~
/home/link/projects/STM32/MCU/Geometric/Inc/ssd1306.h:152:13: warning: 'ssd1306_FillCircleHelper' declared 'static' but never defined [-Wunused-function]
 static void ssd1306_FillCircleHelper(uint8_t x0, uint8_t y0, uint8_t r,
             ^~~~~~~~~~~~~~~~~~~~~~~~
Finished building: ../Src/system_stm32f4xx.c
 
Building file: ../Drivers/STM32F4xx_HAL_Driver/Src/stm32f4xx_hal_dma.c
Invoking: MCU GCC Compiler
Finished building: ../Src/stm32f4xx_hal_msp.c
/home/link/projects/STM32/MCU/Geometric/Debug
Finished building: ../Src/ssd1306_gfx.c
arm-none-eabi-gcc -mcpu=cortex-m4 -mthumb -mfloat-abi=hard -mfpu=fpv4-sp-d16 -DUSE_HAL_DRIVER -DSTM32F401xE -I"/home/link/projects/STM32/MCU/Geometric/Inc" -I"/home/link/projects/STM32/MCU/Geometric/Drivers/STM32F4xx_HAL_Driver/Inc" -I"/home/link/projects/STM32/MCU/Geometric/Drivers/STM32F4xx_HAL_Driver/Inc/Legacy" -I"/home/link/projects/STM32/MCU/Geometric/Drivers/CMSIS/Device/ST/STM32F4xx/Include" -I"/home/link/projects/STM32/MCU/Geometric/Drivers/CMSIS/Include"  -Og -g3 -Wall -fmessage-length=0 -ffunction-sections -c -fmessage-length=0 -MMD -MP -MF"Drivers/STM32F4xx_HAL_Driver/Src/stm32f4xx_hal_dma.d" -MT"Drivers/STM32F4xx_HAL_Driver/Src/stm32f4xx_hal_dma.o" -o "Drivers/STM32F4xx_HAL_Driver/Src/stm32f4xx_hal_dma.o" "../Drivers/STM32F4xx_HAL_Driver/Src/stm32f4xx_hal_dma.c"
Finished building: ../Drivers/STM32F4xx_HAL_Driver/Src/stm32f4xx_hal.c
 
Building file: ../Drivers/STM32F4xx_HAL_Driver/Src/stm32f4xx_hal_dma_ex.c
 
 
Building file: ../Drivers/STM32F4xx_HAL_Driver/Src/stm32f4xx_hal_exti.c
Invoking: MCU GCC Compiler
Invoking: MCU GCC Compiler
Building file: ../Drivers/STM32F4xx_HAL_Driver/Src/stm32f4xx_hal_flash.c
/home/link/projects/STM32/MCU/Geometric/Debug
arm-none-eabi-gcc -mcpu=cortex-m4 -mthumb -mfloat-abi=hard -mfpu=fpv4-sp-d16 -DUSE_HAL_DRIVER -DSTM32F401xE -I"/home/link/projects/STM32/MCU/Geometric/Inc" -I"/home/link/projects/STM32/MCU/Geometric/Drivers/STM32F4xx_HAL_Driver/Inc" -I"/home/link/projects/STM32/MCU/Geometric/Drivers/STM32F4xx_HAL_Driver/Inc/Legacy" -I"/home/link/projects/STM32/MCU/Geometric/Drivers/CMSIS/Device/ST/STM32F4xx/Include" -I"/home/link/projects/STM32/MCU/Geometric/Drivers/CMSIS/Include"  -Og -g3 -Wall -fmessage-length=0 -ffunction-sections -c -fmessage-length=0 -MMD -MP -MF"Drivers/STM32F4xx_HAL_Driver/Src/stm32f4xx_hal_exti.d" -MT"Drivers/STM32F4xx_HAL_Driver/Src/stm32f4xx_hal_exti.o" -o "Drivers/STM32F4xx_HAL_Driver/Src/stm32f4xx_hal_exti.o" "../Drivers/STM32F4xx_HAL_Driver/Src/stm32f4xx_hal_exti.c"
/home/link/projects/STM32/MCU/Geometric/Debug
arm-none-eabi-gcc -mcpu=cortex-m4 -mthumb -mfloat-abi=hard -mfpu=fpv4-sp-d16 -DUSE_HAL_DRIVER -DSTM32F401xE -I"/home/link/projects/STM32/MCU/Geometric/Inc" -I"/home/link/projects/STM32/MCU/Geometric/Drivers/STM32F4xx_HAL_Driver/Inc" -I"/home/link/projects/STM32/MCU/Geometric/Drivers/STM32F4xx_HAL_Driver/Inc/Legacy" -I"/home/link/projects/STM32/MCU/Geometric/Drivers/CMSIS/Device/ST/STM32F4xx/Include" -I"/home/link/projects/STM32/MCU/Geometric/Drivers/CMSIS/Include"  -Og -g3 -Wall -fmessage-length=0 -ffunction-sections -c -fmessage-length=0 -MMD -MP -MF"Drivers/STM32F4xx_HAL_Driver/Src/stm32f4xx_hal_dma_ex.d" -MT"Drivers/STM32F4xx_HAL_Driver/Src/stm32f4xx_hal_dma_ex.o" -o "Drivers/STM32F4xx_HAL_Driver/Src/stm32f4xx_hal_dma_ex.o" "../Drivers/STM32F4xx_HAL_Driver/Src/stm32f4xx_hal_dma_ex.c"
Finished building: ../Src/stm32f4xx_it.c
Invoking: MCU GCC Compiler
/home/link/projects/STM32/MCU/Geometric/Debug
arm-none-eabi-gcc -mcpu=cortex-m4 -mthumb -mfloat-abi=hard -mfpu=fpv4-sp-d16 -DUSE_HAL_DRIVER -DSTM32F401xE -I"/home/link/projects/STM32/MCU/Geometric/Inc" -I"/home/link/projects/STM32/MCU/Geometric/Drivers/STM32F4xx_HAL_Driver/Inc" -I"/home/link/projects/STM32/MCU/Geometric/Drivers/STM32F4xx_HAL_Driver/Inc/Legacy" -I"/home/link/projects/STM32/MCU/Geometric/Drivers/CMSIS/Device/ST/STM32F4xx/Include" -I"/home/link/projects/STM32/MCU/Geometric/Drivers/CMSIS/Include"  -Og -g3 -Wall -fmessage-length=0 -ffunction-sections -c -fmessage-length=0 -MMD -MP -MF"Drivers/STM32F4xx_HAL_Driver/Src/stm32f4xx_hal_flash.d" -MT"Drivers/STM32F4xx_HAL_Driver/Src/stm32f4xx_hal_flash.o" -o "Drivers/STM32F4xx_HAL_Driver/Src/stm32f4xx_hal_flash.o" "../Drivers/STM32F4xx_HAL_Driver/Src/stm32f4xx_hal_flash.c"
 
Building file: ../Drivers/STM32F4xx_HAL_Driver/Src/stm32f4xx_hal_flash_ex.c
Invoking: MCU GCC Compiler
Finished building: ../Drivers/STM32F4xx_HAL_Driver/Src/stm32f4xx_hal_cortex.c
/home/link/projects/STM32/MCU/Geometric/Debug
arm-none-eabi-gcc -mcpu=cortex-m4 -mthumb -mfloat-abi=hard -mfpu=fpv4-sp-d16 -DUSE_HAL_DRIVER -DSTM32F401xE -I"/home/link/projects/STM32/MCU/Geometric/Inc" -I"/home/link/projects/STM32/MCU/Geometric/Drivers/STM32F4xx_HAL_Driver/Inc" -I"/home/link/projects/STM32/MCU/Geometric/Drivers/STM32F4xx_HAL_Driver/Inc/Legacy" -I"/home/link/projects/STM32/MCU/Geometric/Drivers/CMSIS/Device/ST/STM32F4xx/Include" -I"/home/link/projects/STM32/MCU/Geometric/Drivers/CMSIS/Include"  -Og -g3 -Wall -fmessage-length=0 -ffunction-sections -c -fmessage-length=0 -MMD -MP -MF"Drivers/STM32F4xx_HAL_Driver/Src/stm32f4xx_hal_flash_ex.d" -MT"Drivers/STM32F4xx_HAL_Driver/Src/stm32f4xx_hal_flash_ex.o" -o "Drivers/STM32F4xx_HAL_Driver/Src/stm32f4xx_hal_flash_ex.o" "../Drivers/STM32F4xx_HAL_Driver/Src/stm32f4xx_hal_flash_ex.c"
 
Building file: ../Drivers/STM32F4xx_HAL_Driver/Src/stm32f4xx_hal_flash_ramfunc.c
Finished building: ../Src/main.c
Invoking: MCU GCC Compiler
 
/home/link/projects/STM32/MCU/Geometric/Debug
arm-none-eabi-gcc -mcpu=cortex-m4 -mthumb -mfloat-abi=hard -mfpu=fpv4-sp-d16 -DUSE_HAL_DRIVER -DSTM32F401xE -I"/home/link/projects/STM32/MCU/Geometric/Inc" -I"/home/link/projects/STM32/MCU/Geometric/Drivers/STM32F4xx_HAL_Driver/Inc" -I"/home/link/projects/STM32/MCU/Geometric/Drivers/STM32F4xx_HAL_Driver/Inc/Legacy" -I"/home/link/projects/STM32/MCU/Geometric/Drivers/CMSIS/Device/ST/STM32F4xx/Include" -I"/home/link/projects/STM32/MCU/Geometric/Drivers/CMSIS/Include"  -Og -g3 -Wall -fmessage-length=0 -ffunction-sections -c -fmessage-length=0 -MMD -MP -MF"Drivers/STM32F4xx_HAL_Driver/Src/stm32f4xx_hal_flash_ramfunc.d" -MT"Drivers/STM32F4xx_HAL_Driver/Src/stm32f4xx_hal_flash_ramfunc.o" -o "Drivers/STM32F4xx_HAL_Driver/Src/stm32f4xx_hal_flash_ramfunc.o" "../Drivers/STM32F4xx_HAL_Driver/Src/stm32f4xx_hal_flash_ramfunc.c"
Building file: ../Drivers/STM32F4xx_HAL_Driver/Src/stm32f4xx_hal_gpio.c
Invoking: MCU GCC Compiler
/home/link/projects/STM32/MCU/Geometric/Debug
arm-none-eabi-gcc -mcpu=cortex-m4 -mthumb -mfloat-abi=hard -mfpu=fpv4-sp-d16 -DUSE_HAL_DRIVER -DSTM32F401xE -I"/home/link/projects/STM32/MCU/Geometric/Inc" -I"/home/link/projects/STM32/MCU/Geometric/Drivers/STM32F4xx_HAL_Driver/Inc" -I"/home/link/projects/STM32/MCU/Geometric/Drivers/STM32F4xx_HAL_Driver/Inc/Legacy" -I"/home/link/projects/STM32/MCU/Geometric/Drivers/CMSIS/Device/ST/STM32F4xx/Include" -I"/home/link/projects/STM32/MCU/Geometric/Drivers/CMSIS/Include"  -Og -g3 -Wall -fmessage-length=0 -ffunction-sections -c -fmessage-length=0 -MMD -MP -MF"Drivers/STM32F4xx_HAL_Driver/Src/stm32f4xx_hal_gpio.d" -MT"Drivers/STM32F4xx_HAL_Driver/Src/stm32f4xx_hal_gpio.o" -o "Drivers/STM32F4xx_HAL_Driver/Src/stm32f4xx_hal_gpio.o" "../Drivers/STM32F4xx_HAL_Driver/Src/stm32f4xx_hal_gpio.c"
Finished building: ../Src/ssd1306.c
 
Building file: ../Drivers/STM32F4xx_HAL_Driver/Src/stm32f4xx_hal_i2c.c
Invoking: MCU GCC Compiler
/home/link/projects/STM32/MCU/Geometric/Debug
arm-none-eabi-gcc -mcpu=cortex-m4 -mthumb -mfloat-abi=hard -mfpu=fpv4-sp-d16 -DUSE_HAL_DRIVER -DSTM32F401xE -I"/home/link/projects/STM32/MCU/Geometric/Inc" -I"/home/link/projects/STM32/MCU/Geometric/Drivers/STM32F4xx_HAL_Driver/Inc" -I"/home/link/projects/STM32/MCU/Geometric/Drivers/STM32F4xx_HAL_Driver/Inc/Legacy" -I"/home/link/projects/STM32/MCU/Geometric/Drivers/CMSIS/Device/ST/STM32F4xx/Include" -I"/home/link/projects/STM32/MCU/Geometric/Drivers/CMSIS/Include"  -Og -g3 -Wall -fmessage-length=0 -ffunction-sections -c -fmessage-length=0 -MMD -MP -MF"Drivers/STM32F4xx_HAL_Driver/Src/stm32f4xx_hal_i2c.d" -MT"Drivers/STM32F4xx_HAL_Driver/Src/stm32f4xx_hal_i2c.o" -o "Drivers/STM32F4xx_HAL_Driver/Src/stm32f4xx_hal_i2c.o" "../Drivers/STM32F4xx_HAL_Driver/Src/stm32f4xx_hal_i2c.c"
Finished building: ../Drivers/STM32F4xx_HAL_Driver/Src/stm32f4xx_hal_exti.c
Finished building: ../Drivers/STM32F4xx_HAL_Driver/Src/stm32f4xx_hal_flash_ramfunc.c
 
 
Building file: ../Drivers/STM32F4xx_HAL_Driver/Src/stm32f4xx_hal_i2c_ex.c
Building file: ../Drivers/STM32F4xx_HAL_Driver/Src/stm32f4xx_hal_pwr.c
Invoking: MCU GCC Compiler
Invoking: MCU GCC Compiler
/home/link/projects/STM32/MCU/Geometric/Debug
arm-none-eabi-gcc -mcpu=cortex-m4 -mthumb -mfloat-abi=hard -mfpu=fpv4-sp-d16 -DUSE_HAL_DRIVER -DSTM32F401xE -I"/home/link/projects/STM32/MCU/Geometric/Inc" -I"/home/link/projects/STM32/MCU/Geometric/Drivers/STM32F4xx_HAL_Driver/Inc" -I"/home/link/projects/STM32/MCU/Geometric/Drivers/STM32F4xx_HAL_Driver/Inc/Legacy" -I"/home/link/projects/STM32/MCU/Geometric/Drivers/CMSIS/Device/ST/STM32F4xx/Include" -I"/home/link/projects/STM32/MCU/Geometric/Drivers/CMSIS/Include"  -Og -g3 -Wall -fmessage-length=0 -ffunction-sections -c -fmessage-length=0 -MMD -MP -MF"Drivers/STM32F4xx_HAL_Driver/Src/stm32f4xx_hal_i2c_ex.d" -MT"Drivers/STM32F4xx_HAL_Driver/Src/stm32f4xx_hal_i2c_ex.o" -o "Drivers/STM32F4xx_HAL_Driver/Src/stm32f4xx_hal_i2c_ex.o" "../Drivers/STM32F4xx_HAL_Driver/Src/stm32f4xx_hal_i2c_ex.c"
/home/link/projects/STM32/MCU/Geometric/Debug
arm-none-eabi-gcc -mcpu=cortex-m4 -mthumb -mfloat-abi=hard -mfpu=fpv4-sp-d16 -DUSE_HAL_DRIVER -DSTM32F401xE -I"/home/link/projects/STM32/MCU/Geometric/Inc" -I"/home/link/projects/STM32/MCU/Geometric/Drivers/STM32F4xx_HAL_Driver/Inc" -I"/home/link/projects/STM32/MCU/Geometric/Drivers/STM32F4xx_HAL_Driver/Inc/Legacy" -I"/home/link/projects/STM32/MCU/Geometric/Drivers/CMSIS/Device/ST/STM32F4xx/Include" -I"/home/link/projects/STM32/MCU/Geometric/Drivers/CMSIS/Include"  -Og -g3 -Wall -fmessage-length=0 -ffunction-sections -c -fmessage-length=0 -MMD -MP -MF"Drivers/STM32F4xx_HAL_Driver/Src/stm32f4xx_hal_pwr.d" -MT"Drivers/STM32F4xx_HAL_Driver/Src/stm32f4xx_hal_pwr.o" -o "Drivers/STM32F4xx_HAL_Driver/Src/stm32f4xx_hal_pwr.o" "../Drivers/STM32F4xx_HAL_Driver/Src/stm32f4xx_hal_pwr.c"
Finished building: ../Drivers/STM32F4xx_HAL_Driver/Src/stm32f4xx_hal_flash.c
Finished building: ../Drivers/STM32F4xx_HAL_Driver/Src/stm32f4xx_hal_dma.c
 
Building file: ../Drivers/STM32F4xx_HAL_Driver/Src/stm32f4xx_hal_pwr_ex.c
 
Building file: ../Drivers/STM32F4xx_HAL_Driver/Src/stm32f4xx_hal_rcc.c
Invoking: MCU GCC Compiler
Invoking: MCU GCC Compiler
/home/link/projects/STM32/MCU/Geometric/Debug
arm-none-eabi-gcc -mcpu=cortex-m4 -mthumb -mfloat-abi=hard -mfpu=fpv4-sp-d16 -DUSE_HAL_DRIVER -DSTM32F401xE -I"/home/link/projects/STM32/MCU/Geometric/Inc" -I"/home/link/projects/STM32/MCU/Geometric/Drivers/STM32F4xx_HAL_Driver/Inc" -I"/home/link/projects/STM32/MCU/Geometric/Drivers/STM32F4xx_HAL_Driver/Inc/Legacy" -I"/home/link/projects/STM32/MCU/Geometric/Drivers/CMSIS/Device/ST/STM32F4xx/Include" -I"/home/link/projects/STM32/MCU/Geometric/Drivers/CMSIS/Include"  -Og -g3 -Wall -fmessage-length=0 -ffunction-sections -c -fmessage-length=0 -MMD -MP -MF"Drivers/STM32F4xx_HAL_Driver/Src/stm32f4xx_hal_pwr_ex.d" -MT"Drivers/STM32F4xx_HAL_Driver/Src/stm32f4xx_hal_pwr_ex.o" -o "Drivers/STM32F4xx_HAL_Driver/Src/stm32f4xx_hal_pwr_ex.o" "../Drivers/STM32F4xx_HAL_Driver/Src/stm32f4xx_hal_pwr_ex.c"
/home/link/projects/STM32/MCU/Geometric/Debug
arm-none-eabi-gcc -mcpu=cortex-m4 -mthumb -mfloat-abi=hard -mfpu=fpv4-sp-d16 -DUSE_HAL_DRIVER -DSTM32F401xE -I"/home/link/projects/STM32/MCU/Geometric/Inc" -I"/home/link/projects/STM32/MCU/Geometric/Drivers/STM32F4xx_HAL_Driver/Inc" -I"/home/link/projects/STM32/MCU/Geometric/Drivers/STM32F4xx_HAL_Driver/Inc/Legacy" -I"/home/link/projects/STM32/MCU/Geometric/Drivers/CMSIS/Device/ST/STM32F4xx/Include" -I"/home/link/projects/STM32/MCU/Geometric/Drivers/CMSIS/Include"  -Og -g3 -Wall -fmessage-length=0 -ffunction-sections -c -fmessage-length=0 -MMD -MP -MF"Drivers/STM32F4xx_HAL_Driver/Src/stm32f4xx_hal_rcc.d" -MT"Drivers/STM32F4xx_HAL_Driver/Src/stm32f4xx_hal_rcc.o" -o "Drivers/STM32F4xx_HAL_Driver/Src/stm32f4xx_hal_rcc.o" "../Drivers/STM32F4xx_HAL_Driver/Src/stm32f4xx_hal_rcc.c"
Finished building: ../Drivers/STM32F4xx_HAL_Driver/Src/stm32f4xx_hal_flash_ex.c
Finished building: ../Drivers/STM32F4xx_HAL_Driver/Src/stm32f4xx_hal_dma_ex.c
 
 
Building file: ../Drivers/STM32F4xx_HAL_Driver/Src/stm32f4xx_hal_rcc_ex.c
Building file: ../Drivers/STM32F4xx_HAL_Driver/Src/stm32f4xx_hal_tim.c
Invoking: MCU GCC Compiler
/home/link/projects/STM32/MCU/Geometric/Debug
arm-none-eabi-gcc -mcpu=cortex-m4 -mthumb -mfloat-abi=hard -mfpu=fpv4-sp-d16 -DUSE_HAL_DRIVER -DSTM32F401xE -I"/home/link/projects/STM32/MCU/Geometric/Inc" -I"/home/link/projects/STM32/MCU/Geometric/Drivers/STM32F4xx_HAL_Driver/Inc" -I"/home/link/projects/STM32/MCU/Geometric/Drivers/STM32F4xx_HAL_Driver/Inc/Legacy" -I"/home/link/projects/STM32/MCU/Geometric/Drivers/CMSIS/Device/ST/STM32F4xx/Include" -I"/home/link/projects/STM32/MCU/Geometric/Drivers/CMSIS/Include"  -Og -g3 -Wall -fmessage-length=0 -ffunction-sections -c -fmessage-length=0 -MMD -MP -MF"Drivers/STM32F4xx_HAL_Driver/Src/stm32f4xx_hal_tim.d" -MT"Drivers/STM32F4xx_HAL_Driver/Src/stm32f4xx_hal_tim.o" -o "Drivers/STM32F4xx_HAL_Driver/Src/stm32f4xx_hal_tim.o" "../Drivers/STM32F4xx_HAL_Driver/Src/stm32f4xx_hal_tim.c"
Invoking: MCU GCC Compiler
/home/link/projects/STM32/MCU/Geometric/Debug
arm-none-eabi-gcc -mcpu=cortex-m4 -mthumb -mfloat-abi=hard -mfpu=fpv4-sp-d16 -DUSE_HAL_DRIVER -DSTM32F401xE -I"/home/link/projects/STM32/MCU/Geometric/Inc" -I"/home/link/projects/STM32/MCU/Geometric/Drivers/STM32F4xx_HAL_Driver/Inc" -I"/home/link/projects/STM32/MCU/Geometric/Drivers/STM32F4xx_HAL_Driver/Inc/Legacy" -I"/home/link/projects/STM32/MCU/Geometric/Drivers/CMSIS/Device/ST/STM32F4xx/Include" -I"/home/link/projects/STM32/MCU/Geometric/Drivers/CMSIS/Include"  -Og -g3 -Wall -fmessage-length=0 -ffunction-sections -c -fmessage-length=0 -MMD -MP -MF"Drivers/STM32F4xx_HAL_Driver/Src/stm32f4xx_hal_rcc_ex.d" -MT"Drivers/STM32F4xx_HAL_Driver/Src/stm32f4xx_hal_rcc_ex.o" -o "Drivers/STM32F4xx_HAL_Driver/Src/stm32f4xx_hal_rcc_ex.o" "../Drivers/STM32F4xx_HAL_Driver/Src/stm32f4xx_hal_rcc_ex.c"
Finished building: ../Drivers/STM32F4xx_HAL_Driver/Src/stm32f4xx_hal_gpio.c
 
Building file: ../Drivers/STM32F4xx_HAL_Driver/Src/stm32f4xx_hal_tim_ex.c
Invoking: MCU GCC Compiler
/home/link/projects/STM32/MCU/Geometric/Debug
arm-none-eabi-gcc -mcpu=cortex-m4 -mthumb -mfloat-abi=hard -mfpu=fpv4-sp-d16 -DUSE_HAL_DRIVER -DSTM32F401xE -I"/home/link/projects/STM32/MCU/Geometric/Inc" -I"/home/link/projects/STM32/MCU/Geometric/Drivers/STM32F4xx_HAL_Driver/Inc" -I"/home/link/projects/STM32/MCU/Geometric/Drivers/STM32F4xx_HAL_Driver/Inc/Legacy" -I"/home/link/projects/STM32/MCU/Geometric/Drivers/CMSIS/Device/ST/STM32F4xx/Include" -I"/home/link/projects/STM32/MCU/Geometric/Drivers/CMSIS/Include"  -Og -g3 -Wall -fmessage-length=0 -ffunction-sections -c -fmessage-length=0 -MMD -MP -MF"Drivers/STM32F4xx_HAL_Driver/Src/stm32f4xx_hal_tim_ex.d" -MT"Drivers/STM32F4xx_HAL_Driver/Src/stm32f4xx_hal_tim_ex.o" -o "Drivers/STM32F4xx_HAL_Driver/Src/stm32f4xx_hal_tim_ex.o" "../Drivers/STM32F4xx_HAL_Driver/Src/stm32f4xx_hal_tim_ex.c"
Finished building: ../Drivers/STM32F4xx_HAL_Driver/Src/stm32f4xx_hal_pwr.c
 
Finished building: ../Drivers/STM32F4xx_HAL_Driver/Src/stm32f4xx_hal_i2c_ex.c
 
Finished building: ../Drivers/STM32F4xx_HAL_Driver/Src/stm32f4xx_hal_tim.c
 
Finished building: ../Drivers/STM32F4xx_HAL_Driver/Src/stm32f4xx_hal_pwr_ex.c
 
Finished building: ../Drivers/STM32F4xx_HAL_Driver/Src/stm32f4xx_hal_rcc_ex.c
 
Finished building: ../Drivers/STM32F4xx_HAL_Driver/Src/stm32f4xx_hal_tim_ex.c
 
Finished building: ../Drivers/STM32F4xx_HAL_Driver/Src/stm32f4xx_hal_rcc.c
 
Finished building: ../Drivers/STM32F4xx_HAL_Driver/Src/stm32f4xx_hal_i2c.c
 
Building target: Geometric.elf
Invoking: MCU GCC Linker
arm-none-eabi-gcc -mcpu=cortex-m4 -mthumb -mfloat-abi=hard -mfpu=fpv4-sp-d16 -specs=nosys.specs -specs=nano.specs -T"../STM32F401RETx_FLASH.ld" -Wl,-Map=output.map -Wl,--gc-sections -o "Geometric.elf" @"objects.list"   -lm
Finished building target: Geometric.elf
 
make --no-print-directory post-build
Generating hex and Printing size information:
arm-none-eabi-objcopy -O ihex "Geometric.elf" "Geometric.hex"
arm-none-eabi-size "Geometric.elf"
   text	   data	    bss	    dec	    hex	filename
  30160	    152	   2808	  33120	   8160	Geometric.elf
 
20:34:49 **** Incremental Build of configuration Debug for project Geometric ****
make -j8 all 
make: Nothing to be done for 'all'.
20:35:14 **** Incremental Build of configuration Debug for project Geometric ****
make -j8 all 
Building file: ../Src/main.c
Invoking: MCU GCC Compiler
/home/link/projects/STM32/MCU/Geometric/Debug
arm-none-eabi-gcc -mcpu=cortex-m4 -mthumb -mfloat-abi=hard -mfpu=fpv4-sp-d16 -DUSE_HAL_DRIVER -DSTM32F401xE -I"/home/link/projects/STM32/MCU/Geometric/Inc" -I"/home/link/projects/STM32/MCU/Geometric/Drivers/STM32F4xx_HAL_Driver/Inc" -I"/home/link/projects/STM32/MCU/Geometric/Drivers/STM32F4xx_HAL_Driver/Inc/Legacy" -I"/home/link/projects/STM32/MCU/Geometric/Drivers/CMSIS/Device/ST/STM32F4xx/Include" -I"/home/link/projects/STM32/MCU/Geometric/Drivers/CMSIS/Include"  -Og -g3 -Wall -fmessage-length=0 -ffunction-sections -c -fmessage-length=0 -MMD -MP -MF"Src/main.d" -MT"Src/main.o" -o "Src/main.o" "../Src/main.c"
../Src/main.c: In function 'rotateCube':
../Src/main.c:170:30: warning: implicit declaration of function 'cos' [-Wimplicit-function-declaration]
   rotz = cube_vertex[i][2] * cos(pitchRad) - cube_vertex[i][0] * sin(pitchRad);
                              ^~~
../Src/main.c:170:30: warning: incompatible implicit declaration of built-in function 'cos'
../Src/main.c:170:30: note: include '<math.h>' or provide a declaration of 'cos'
../Src/main.c:170:66: warning: implicit declaration of function 'sin' [-Wimplicit-function-declaration]
   rotz = cube_vertex[i][2] * cos(pitchRad) - cube_vertex[i][0] * sin(pitchRad);
                                                                  ^~~
../Src/main.c:170:66: warning: incompatible implicit declaration of built-in function 'sin'
../Src/main.c:170:66: note: include '<math.h>' or provide a declaration of 'sin'
../Src/main.c:161:63: warning: variable 'rotzzz' set but not used [-Wunused-but-set-variable]
  float rotx, roty, rotz, rotxx, rotyy, rotzz, rotxxx, rotyyy, rotzzz;
                                                               ^~~~~~
../Src/main.c: In function 'rotatePyramid':
../Src/main.c:206:33: warning: incompatible implicit declaration of built-in function 'cos'
   rotz = pyramid_vertex[i][2] * cos(pitchRad) - pyramid_vertex[i][0] * sin(pitchRad);
                                 ^~~
../Src/main.c:206:33: note: include '<math.h>' or provide a declaration of 'cos'
../Src/main.c:206:72: warning: incompatible implicit declaration of built-in function 'sin'
   rotz = pyramid_vertex[i][2] * cos(pitchRad) - pyramid_vertex[i][0] * sin(pitchRad);
                                                                        ^~~
../Src/main.c:206:72: note: include '<math.h>' or provide a declaration of 'sin'
../Src/main.c:197:63: warning: variable 'rotzzz' set but not used [-Wunused-but-set-variable]
  float rotx, roty, rotz, rotxx, rotyy, rotzz, rotxxx, rotyyy, rotzzz;
                                                               ^~~~~~
../Src/main.c: In function 'rotateOctahedron':
../Src/main.c:241:36: warning: incompatible implicit declaration of built-in function 'cos'
   rotz = octahedron_vertex[i][2] * cos(pitchRad) - octahedron_vertex[i][0] * sin(pitchRad);
                                    ^~~
../Src/main.c:241:36: note: include '<math.h>' or provide a declaration of 'cos'
../Src/main.c:241:78: warning: incompatible implicit declaration of built-in function 'sin'
   rotz = octahedron_vertex[i][2] * cos(pitchRad) - octahedron_vertex[i][0] * sin(pitchRad);
                                                                              ^~~
../Src/main.c:241:78: note: include '<math.h>' or provide a declaration of 'sin'
../Src/main.c:232:63: warning: variable 'rotzzz' set but not used [-Wunused-but-set-variable]
  float rotx, roty, rotz, rotxx, rotyy, rotzz, rotxxx, rotyyy, rotzzz;
                                                               ^~~~~~
../Src/main.c: In function 'main_rotate':
../Src/main.c:292:24: warning: format '%d' expects argument of type 'int', but argument 3 has type 'uint32_t {aka long unsigned int}' [-Wformat=]
  sprintf(string_fps, "%d", fps / frames);
                       ~^   ~~~~~~~~~~~~
                       %ld
In file included from /home/link/projects/STM32/MCU/Geometric/Inc/main.h:35:0,
                 from ../Src/main.c:21:
../Src/main.c: At top level:
/home/link/projects/STM32/MCU/Geometric/Inc/ssd1306.h:150:13: warning: 'ssd1306_DrawFastVLine' declared 'static' but never defined [-Wunused-function]
 static void ssd1306_DrawFastVLine(uint8_t x, uint8_t y, uint8_t h, SSD1306_COLOR color);
             ^~~~~~~~~~~~~~~~~~~~~
/home/link/projects/STM32/MCU/Geometric/Inc/ssd1306.h:151:13: warning: 'ssd1306_DrawFastHLine' declared 'static' but never defined [-Wunused-function]
 static void ssd1306_DrawFastHLine(uint8_t x, uint8_t y, uint8_t w, SSD1306_COLOR color);
             ^~~~~~~~~~~~~~~~~~~~~
/home/link/projects/STM32/MCU/Geometric/Inc/ssd1306.h:152:13: warning: 'ssd1306_FillCircleHelper' declared 'static' but never defined [-Wunused-function]
 static void ssd1306_FillCircleHelper(uint8_t x0, uint8_t y0, uint8_t r,
             ^~~~~~~~~~~~~~~~~~~~~~~~
Finished building: ../Src/main.c
 
Building target: Geometric.elf
Invoking: MCU GCC Linker
arm-none-eabi-gcc -mcpu=cortex-m4 -mthumb -mfloat-abi=hard -mfpu=fpv4-sp-d16 -specs=nosys.specs -specs=nano.specs -T"../STM32F401RETx_FLASH.ld" -Wl,-Map=output.map -Wl,--gc-sections -o "Geometric.elf" @"objects.list"   -lm
Finished building target: Geometric.elf
 
make --no-print-directory post-build
Generating hex and Printing size information:
arm-none-eabi-objcopy -O ihex "Geometric.elf" "Geometric.hex"
arm-none-eabi-size "Geometric.elf"
   text	   data	    bss	    dec	    hex	filename
  30104	    152	   2808	  33064	   8128	Geometric.elf
 
